// Jest Snapshot v1, https://goo.gl/fbAQLP

exports[`check is Empty_Container is loaded 1`] = `
Array [
  <div
    className="circles-container"
>
    <p
        className="text-center"
    >
        5 Circles
    </p>
    <div
        className="circle"
        id="circle-1"
    >
        1
    </div>
    <div
        className="circle"
        id="circle-2"
    >
        2
    </div>
    <div
        className="circle"
        id="circle-3"
    >
        3
    </div>
    <div
        className="circle"
        id="circle-4"
    >
        4
    </div>
    <div
        className="circle"
        id="circle-5"
    >
        5
    </div>
</div>,
]
`;

exports[`test to match snapshot 1`] = `
Array [
  <div
    className="circles-container"
>
    <p
        className="text-center"
    >
        5 Circles
    </p>
    <div
        className="circle"
        id="circle-1"
    >
        1
    </div>
    <div
        className="circle"
        id="circle-2"
    >
        2
    </div>
    <div
        className="circle"
        id="circle-3"
    >
        3
    </div>
    <div
        className="circle"
        id="circle-4"
    >
        4
    </div>
    <div
        className="circle"
        id="circle-5"
    >
        5
    </div>
</div>,
]
`;
